[20:21:38] INFO     Hello, World!                                                                                                                  template.py:112
[20:29:24] INFO     Hello, World!                                                                                                              template.py:112
